---
source: src/context/mod.rs
assertion_line: 243
expression: md
---
# animesh — taste snapshot

_schema version: 1_

## Followed

| canonical_id | kind | title | followed_at | note |
| --- | --- | --- | --- | --- |
| `release:anime:one-piece` | anime | One Piece | 1000100 |  |
| `release:tv:severance` | tv | Severance | 1000000 |  |

## Recent engagement

| occurred_at | event | canonical_id | meta |
| --- | --- | --- | --- |
| 1000400 | verified | `release:tv:severance` |  |
| 1000300 | completed | `release:anime:one-piece` | {"seen":1100} |
| 1000200 | opened | `release:tv:severance` |  |
