---
source: src/context/mod.rs
assertion_line: 236
expression: json
---
{
  "schema_version": 1,
  "followed": [
    {
      "canonical_id": "release:anime:one-piece",
      "kind": "anime",
      "display_title": "One Piece",
      "followed_at": 1000100
    },
    {
      "canonical_id": "release:tv:severance",
      "kind": "tv",
      "display_title": "Severance",
      "followed_at": 1000000
    }
  ],
  "recent_engagement": [
    {
      "canonical_id": "release:tv:severance",
      "event": "verified",
      "occurred_at": 1000400
    },
    {
      "canonical_id": "release:anime:one-piece",
      "event": "completed",
      "occurred_at": 1000300,
      "meta": "{\"seen\":1100}"
    },
    {
      "canonical_id": "release:tv:severance",
      "event": "opened",
      "occurred_at": 1000200
    }
  ]
}
